Eras
1.0: 1983-1987, 1988, 1989, 1990, 1991, 1992, 1993, 1994, 1995, 1996, 1997, 1998, 1999, 2000
2.0: 2002, 2003, 2004
3.0: 2009, 2010, 2011, 2012, 2013, 2014, 2015, 2016, 2017, 2018, 2019, 2020
4.0: 2021, 2022, 2023
