{
  "1.0": [
    "1992",
    "1993",
    "1994",
    "1995",
    "1996"
  ],
  "2.0": null,
  "3.0": null,
  "4.0": null
}
