Date:       Venue:         Location:    Duration:
1990-04-05  J.J. McCabe's  Boulder, CO  2h 27m

Total Entries: 1759  Total Pages: 88  Result Page: 1
