ID:  Date:       Venue:         Location:    Duration:  Soundboard:  Remastered:
696  1990-04-05  J.J. McCabe's  Boulder, CO  2h 27m     yes          no

Total Entries: 1759  Total Pages: 88  Result Page: 1
