Title:       ID:  Original Artist:  TracksCount:
David Bowie  979  Phish             447

Tracks
ID:  Date:       Venue:                           Location:       Duration:  Mp3
115  1986-10-31  Sculpture Room, Goddard College  Plainfield, VT  10m 19s    https://phish.in/audio/000/000/115/115.mp3
