Title:          Original Artist:  TracksCount:
Billy Breathes  Phish             64
Arc             Arctic Monkeys    0

Total Entries: 942  Total Pages: 48  Result Page: 1
