Name:      Description:                                           Group:
Jamcharts  Phish.net Jam Charts selections (phish.net/jamcharts)  Curated Selections

Show IDs Where Jamcharts Appears
3

Track IDs Where Jamcharts Appears
1, 2
