Name:     Description:                                   Group:
Costume   Musical costume sequence                       Set Content
Audience  Contribution from audience during performance  Song Content
