Name:      Starts On:  Ends On:    Show Count:
1985 Tour  1985-03-04  1985-11-23  6

ID:  Date:       Venue:  Location:       Duration:  Soundboard:  Remastered:
3    1985-03-04  Hunt's  Burlington, VT  40m 14s    yes          no
