Name:      Starts On:  Ends On:    Shows Count:
1983 Tour  1983-12-02  1983-12-02  1
1984 Tour  1984-11-03  1984-12-01  2
