Venue:       Location:     Show Count:
The Academy  New York, NY  1

Show Dates
1991-07-15
