Venue:                                 Location:     Show Count:
The Base Lodge, Johnson State College  Johnson, VT   2
The Academy                            New York, NY  1

Total Entries: 666  Total Pages: 34  Result Page: 1
