Years:     Show Count:
1983-1987  34
1988       44
1989       64
