ID:  Date:       Venue:             Location:       Duration:  Soundboard:  Remastered:
135  1994-04-04  The Flynn Theatre  Burlington, VT  2h 40m     yes          no
