Date:       Venue:             Location:       Duration:
1994-04-04  The Flynn Theatre  Burlington, VT  2h 40m
